// Jest Snapshot v1, https://goo.gl/fbAQLP

exports[`Header Test Header render 1`] = `
<div>
  <div>
    <a
      href="/"
      style="margin-right: 15px;"
    >
      Home
    </a>
    <a
      href="/about"
      style="margin-right: 15px;"
    >
      About
    </a>
  </div>
</div>
`;
